2025-01-13 21:50:16,101 - utils.utils - INFO - Loaded configs from: ./configs/configs.yaml
2025-01-13 21:50:16,101 - utils.utils - INFO - Seed: 42
2025-01-13 21:50:16,101 - utils.utils - INFO - Configs: {'seed': 42, 'learning_rate': 0.001, 'batch_size': 32, 'num_epochs': 100, 'wandb': False, 'data_dir': './data/', 'x_mode': 'Initial', 'test_size': 0.2, 'optimizer': 'Adam', 'optimizer_params': {'lr': 0.001, 'weight_decay': 0.0}, 'scheduler': 'ReduceLROnPlateau', 'scheduler_params': {'mode': 'min', 'factor': 0.1, 'patience': 10, 'threshold': 0.0001, 'threshold_mode': 'rel', 'cooldown': 0, 'min_lr': 0, 'eps': '1e-08'}, 'early_stopping': True, 'early_stopping_params': {'patience': 20, 'min_delta': 0.0001, 'mode': 'min', 'monitor': 'val_loss', 'verbose': False}, 'identification_model': 'MLP', 'identification_model_params': {'num_blocks': 2, 'block_layers': [2, 2], 'hidden_size': [[64, 128], [128, 128]], 'dropout_rate': 0.2, 'activation': 'ReLU', 'norm_type': 'BatchNorm', 'loss': 'MSE', 'loss_params': {'reduction': 'sum'}, 'residual': False}}
2025-01-13 21:50:16,134 - utils.utils - INFO - Loaded data from: ./data/
2025-01-13 21:50:16,137 - utils.utils - INFO - Model: CFNO(
  (param_regressor): MLPParamRegressor(
    (blocks): Sequential(
      (0): ResidualMLPBlock(
        (mlp): Sequential(
          (0): Linear(in_features=255, out_features=64, bias=True)
          (1): ReLU()
          (2): Dropout(p=0.2, inplace=False)
          (3): BatchNorm1d(64, eps=1e-05, momentum=0.1, affine=True, track_running_stats=True)
          (4): Linear(in_features=64, out_features=128, bias=True)
          (5): ReLU()
          (6): Dropout(p=0.2, inplace=False)
          (7): BatchNorm1d(128, eps=1e-05, momentum=0.1, affine=True, track_running_stats=True)
        )
      )
      (1): ResidualMLPBlock(
        (mlp): Sequential(
          (0): Linear(in_features=128, out_features=128, bias=True)
          (1): ReLU()
          (2): Dropout(p=0.2, inplace=False)
          (3): BatchNorm1d(128, eps=1e-05, momentum=0.1, affine=True, track_running_stats=True)
          (4): Linear(in_features=128, out_features=128, bias=True)
          (5): ReLU()
          (6): Dropout(p=0.2, inplace=False)
          (7): BatchNorm1d(128, eps=1e-05, momentum=0.1, affine=True, track_running_stats=True)
        )
      )
    )
    (output_proj): Linear(in_features=128, out_features=55, bias=True)
  )
)
